// Jest Snapshot v1, https://jestjs.io/docs/snapshot-testing

exports[`validator for a9 schema should be generated correctly with enums 1`] = `
{
  "$id": "test",
  "$schema": "http://json-schema.org/draft-07/schema#",
  "definitions": {
    "EnumA": {
      "description": "Desc: EnumA",
      "enum": [
        "A",
        "B",
      ],
      "enumAnnotation": {
        "A": [
          "A",
        ],
        "B": [
          "B",
        ],
      },
      "type": "string",
    },
    "EnumB": {
      "description": "Desc: EnumB",
      "enum": [
        66,
        99,
      ],
      "enumAnnotation": {
        "C": [
          99,
        ],
        "D": [
          66,
        ],
      },
      "type": "number",
    },
    "EnumC": {
      "description": "Desc: EnumC",
      "enum": [
        0,
        1,
      ],
      "enumAnnotation": {
        "E": [
          0,
        ],
        "F": [
          1,
        ],
      },
      "type": "number",
    },
    "EnumD": {
      "description": "Description for EnumD",
      "enum": [
        0,
        123,
        "g-001",
      ],
      "enumAnnotation": {
        "G": [
          "g-001",
          "Description for EnumD.G",
        ],
        "H": [
          123,
          "Description for EnumD.H",
        ],
        "Y": [
          0,
          "Description for EnumD.Y",
        ],
      },
      "type": [
        "string",
        "number",
      ],
    },
    "LiteralEnumA": {
      "description": "Desc: LiteralEnumA",
      "enum": [
        "A",
        "B",
        "C",
      ],
      "type": "string",
    },
    "LiteralEnumB": {
      "description": "Desc: LiteralEnumB",
      "enum": [
        66,
        77,
        99,
      ],
      "type": "number",
    },
    "LiteralEnumC": {
      "description": "Desc: LiteralEnumC",
      "enum": [
        11,
        22,
        "D",
        "E",
      ],
      "type": [
        "string",
        "number",
      ],
    },
  },
  "hash": "9268cb4eba354abffcc260702d9ee960",
}
`;

exports[`validator for a10 basic 1`] = `
{
  "result": {
    "errors": [
      {
        "data": {
          "metadata": {
            "createdAt": 2025-11-05T00:00:00.000Z,
            "tags": [
              "tag1",
              "tag2",
            ],
            "updatedAt": 2025-11-05T00:00:00.000Z,
          },
          "payload": {
            "checksum": "abc123",
            "data": {
              "key": "example",
              "value": 42,
            },
          },
          "status": "inactive",
        },
        "instancePath": "/details",
        "keyword": "required",
        "message": "must have required property 'someForInactiveOnly'",
        "params": {
          "missingProperty": "someForInactiveOnly",
        },
        "parentSchema": {
          "additionalProperties": false,
          "properties": {
            "metadata": {
              "additionalProperties": false,
              "properties": {
                "createdAt": {
                  "format": "date-time",
                  "type": "string",
                },
                "tags": {
                  "items": {
                    "type": "string",
                  },
                  "type": "array",
                },
                "updatedAt": {
                  "format": "date-time",
                  "type": "string",
                },
              },
              "required": [
                "createdAt",
                "updatedAt",
                "tags",
              ],
              "type": "object",
            },
            "payload": {
              "additionalProperties": false,
              "properties": {
                "checksum": {
                  "type": "string",
                },
                "data": {
                  "additionalProperties": false,
                  "properties": {
                    "key": {
                      "type": "string",
                    },
                    "value": {},
                  },
                  "required": [
                    "key",
                    "value",
                  ],
                  "type": "object",
                },
              },
              "required": [
                "data",
                "checksum",
              ],
              "type": "object",
            },
            "someForInactiveOnly": {
              "type": "boolean",
            },
            "status": {
              "$ref": "#/definitions/ComplexTypeAStatus.Inactive",
            },
          },
          "required": [
            "metadata",
            "payload",
            "someForInactiveOnly",
            "status",
          ],
          "type": "object",
        },
        "schema": "status",
        "schemaPath": "#/properties/details/discriminateBy",
      },
      {
        "data": {
          "metadata": {
            "createdAt": 2025-11-05T00:00:00.000Z,
            "tags": [
              "tag1",
              "tag2",
            ],
            "updatedAt": 2025-11-05T00:00:00.000Z,
          },
          "payload": {
            "checksum": "abc123",
            "data": {
              "key": "example",
              "value": 42,
            },
          },
          "status": "inactive",
        },
        "instancePath": "/details/metadata/createdAt",
        "keyword": "type",
        "message": "must be string",
        "params": {
          "type": "string",
        },
        "parentSchema": {
          "format": "date-time",
          "type": "string",
        },
        "schema": "status",
        "schemaPath": "#/properties/details/discriminateBy",
      },
      {
        "data": {
          "metadata": {
            "createdAt": 2025-11-05T00:00:00.000Z,
            "tags": [
              "tag1",
              "tag2",
            ],
            "updatedAt": 2025-11-05T00:00:00.000Z,
          },
          "payload": {
            "checksum": "abc123",
            "data": {
              "key": "example",
              "value": 42,
            },
          },
          "status": "inactive",
        },
        "instancePath": "/details/metadata/updatedAt",
        "keyword": "type",
        "message": "must be string",
        "params": {
          "type": "string",
        },
        "parentSchema": {
          "format": "date-time",
          "type": "string",
        },
        "schema": "status",
        "schemaPath": "#/properties/details/discriminateBy",
      },
      {
        "data": "inactive",
        "instancePath": "/details/status",
        "keyword": "const",
        "message": "must be equal to constant",
        "params": {
          "allowedValue": "pending",
        },
        "parentSchema": {
          "const": "pending",
          "enumMember": {
            "enum": "ComplexTypeAStatus",
            "title": "Pending",
          },
          "type": "string",
        },
        "schema": "pending",
        "schemaPath": "#/definitions/ComplexTypeAStatus.Pending/const",
      },
      {
        "data": 2025-11-05T00:00:00.000Z,
        "instancePath": "/details/metadata/createdAt",
        "keyword": "type",
        "message": "must be string",
        "params": {
          "type": "string",
        },
        "parentSchema": {
          "format": "date-time",
          "type": "string",
        },
        "schema": "string",
        "schemaPath": "#/properties/metadata/properties/createdAt/type",
      },
      {
        "data": 2025-11-05T00:00:00.000Z,
        "instancePath": "/details/metadata/updatedAt",
        "keyword": "type",
        "message": "must be string",
        "params": {
          "type": "string",
        },
        "parentSchema": {
          "format": "date-time",
          "type": "string",
        },
        "schema": "string",
        "schemaPath": "#/properties/metadata/properties/updatedAt/type",
      },
      {
        "data": "inactive",
        "instancePath": "/details/status",
        "keyword": "const",
        "message": "must be equal to constant",
        "params": {
          "allowedValue": "active",
        },
        "parentSchema": {
          "const": "active",
          "enumMember": {
            "enum": "ComplexTypeAStatus",
            "title": "Active",
          },
          "type": "string",
        },
        "schema": "active",
        "schemaPath": "#/definitions/ComplexTypeAStatus.Active/const",
      },
      {
        "data": 2025-11-05T00:00:00.000Z,
        "instancePath": "/details/metadata/createdAt",
        "keyword": "type",
        "message": "must be string",
        "params": {
          "type": "string",
        },
        "parentSchema": {
          "format": "date-time",
          "type": "string",
        },
        "schema": "string",
        "schemaPath": "#/properties/metadata/properties/createdAt/type",
      },
      {
        "data": 2025-11-05T00:00:00.000Z,
        "instancePath": "/details/metadata/updatedAt",
        "keyword": "type",
        "message": "must be string",
        "params": {
          "type": "string",
        },
        "parentSchema": {
          "format": "date-time",
          "type": "string",
        },
        "schema": "string",
        "schemaPath": "#/properties/metadata/properties/updatedAt/type",
      },
      {
        "data": {
          "metadata": {
            "createdAt": 2025-11-05T00:00:00.000Z,
            "tags": [
              "tag1",
              "tag2",
            ],
            "updatedAt": 2025-11-05T00:00:00.000Z,
          },
          "payload": {
            "checksum": "abc123",
            "data": {
              "key": "example",
              "value": 42,
            },
          },
          "status": "inactive",
        },
        "instancePath": "/details",
        "keyword": "required",
        "message": "must have required property 'someForInactiveOnly'",
        "params": {
          "missingProperty": "someForInactiveOnly",
        },
        "parentSchema": {
          "additionalProperties": false,
          "properties": {
            "metadata": {
              "additionalProperties": false,
              "properties": {
                "createdAt": {
                  "format": "date-time",
                  "type": "string",
                },
                "tags": {
                  "items": {
                    "type": "string",
                  },
                  "type": "array",
                },
                "updatedAt": {
                  "format": "date-time",
                  "type": "string",
                },
              },
              "required": [
                "createdAt",
                "updatedAt",
                "tags",
              ],
              "type": "object",
            },
            "payload": {
              "additionalProperties": false,
              "properties": {
                "checksum": {
                  "type": "string",
                },
                "data": {
                  "additionalProperties": false,
                  "properties": {
                    "key": {
                      "type": "string",
                    },
                    "value": {},
                  },
                  "required": [
                    "key",
                    "value",
                  ],
                  "type": "object",
                },
              },
              "required": [
                "data",
                "checksum",
              ],
              "type": "object",
            },
            "someForInactiveOnly": {
              "type": "boolean",
            },
            "status": {
              "$ref": "#/definitions/ComplexTypeAStatus.Inactive",
            },
          },
          "required": [
            "metadata",
            "payload",
            "someForInactiveOnly",
            "status",
          ],
          "type": "object",
        },
        "schema": [
          "metadata",
          "payload",
          "someForInactiveOnly",
          "status",
        ],
        "schemaPath": "#/required",
      },
      {
        "data": 2025-11-05T00:00:00.000Z,
        "instancePath": "/details/metadata/createdAt",
        "keyword": "type",
        "message": "must be string",
        "params": {
          "type": "string",
        },
        "parentSchema": {
          "format": "date-time",
          "type": "string",
        },
        "schema": "string",
        "schemaPath": "#/properties/metadata/properties/createdAt/type",
      },
      {
        "data": 2025-11-05T00:00:00.000Z,
        "instancePath": "/details/metadata/updatedAt",
        "keyword": "type",
        "message": "must be string",
        "params": {
          "type": "string",
        },
        "parentSchema": {
          "format": "date-time",
          "type": "string",
        },
        "schema": "string",
        "schemaPath": "#/properties/metadata/properties/updatedAt/type",
      },
      {
        "data": {
          "metadata": {
            "createdAt": 2025-11-05T00:00:00.000Z,
            "tags": [
              "tag1",
              "tag2",
            ],
            "updatedAt": 2025-11-05T00:00:00.000Z,
          },
          "payload": {
            "checksum": "abc123",
            "data": {
              "key": "example",
              "value": 42,
            },
          },
          "status": "inactive",
        },
        "instancePath": "/details",
        "keyword": "anyOf",
        "message": "must match a schema in anyOf",
        "params": {},
        "parentSchema": {
          "anyOf": [
            {
              "$ref": "#/definitions/ComplexTypeDetailsP",
            },
            {
              "$ref": "#/definitions/ComplexTypeDetailsA",
            },
            {
              "$ref": "#/definitions/ComplexTypeDetailsIA",
            },
          ],
          "discriminateBy": "status",
        },
        "schema": [
          {
            "$ref": "#/definitions/ComplexTypeDetailsP",
          },
          {
            "$ref": "#/definitions/ComplexTypeDetailsA",
          },
          {
            "$ref": "#/definitions/ComplexTypeDetailsIA",
          },
        ],
        "schemaPath": "#/properties/details/anyOf",
      },
      {
        "data": {
          "metadata": {
            "createdAt": 2025-11-05T00:00:00.000Z,
            "tags": [
              "tag1",
              "tag2",
            ],
            "updatedAt": 2025-11-05T00:00:00.000Z,
          },
          "payload": {
            "checksum": "abc123",
            "data": {
              "key": "example",
              "value": 42,
            },
          },
          "status": "inactive",
        },
        "instancePath": "/details",
        "keyword": "required",
        "message": "must have required property 'someForInactiveOnly'",
        "params": {
          "missingProperty": "someForInactiveOnly",
        },
        "parentSchema": {
          "additionalProperties": false,
          "properties": {
            "metadata": {
              "additionalProperties": false,
              "properties": {
                "createdAt": {
                  "format": "date-time",
                  "type": "string",
                },
                "tags": {
                  "items": {
                    "type": "string",
                  },
                  "type": "array",
                },
                "updatedAt": {
                  "format": "date-time",
                  "type": "string",
                },
              },
              "required": [
                "createdAt",
                "updatedAt",
                "tags",
              ],
              "type": "object",
            },
            "payload": {
              "additionalProperties": false,
              "properties": {
                "checksum": {
                  "type": "string",
                },
                "data": {
                  "additionalProperties": false,
                  "properties": {
                    "key": {
                      "type": "string",
                    },
                    "value": {},
                  },
                  "required": [
                    "key",
                    "value",
                  ],
                  "type": "object",
                },
              },
              "required": [
                "data",
                "checksum",
              ],
              "type": "object",
            },
            "someForInactiveOnly": {
              "type": "boolean",
            },
            "status": {
              "$ref": "#/definitions/ComplexTypeAStatus.Inactive",
            },
          },
          "required": [
            "metadata",
            "payload",
            "someForInactiveOnly",
            "status",
          ],
          "type": "object",
        },
        "schema": "status",
        "schemaPath": "#/properties/details/discriminateBy",
      },
      {
        "data": {
          "metadata": {
            "createdAt": 2025-11-05T00:00:00.000Z,
            "tags": [
              "tag1",
              "tag2",
            ],
            "updatedAt": 2025-11-05T00:00:00.000Z,
          },
          "payload": {
            "checksum": "abc123",
            "data": {
              "key": "example",
              "value": 42,
            },
          },
          "status": "inactive",
        },
        "instancePath": "/details/metadata/createdAt",
        "keyword": "type",
        "message": "must be string",
        "params": {
          "type": "string",
        },
        "parentSchema": {
          "format": "date-time",
          "type": "string",
        },
        "schema": "status",
        "schemaPath": "#/properties/details/discriminateBy",
      },
      {
        "data": {
          "metadata": {
            "createdAt": 2025-11-05T00:00:00.000Z,
            "tags": [
              "tag1",
              "tag2",
            ],
            "updatedAt": 2025-11-05T00:00:00.000Z,
          },
          "payload": {
            "checksum": "abc123",
            "data": {
              "key": "example",
              "value": 42,
            },
          },
          "status": "inactive",
        },
        "instancePath": "/details/metadata/updatedAt",
        "keyword": "type",
        "message": "must be string",
        "params": {
          "type": "string",
        },
        "parentSchema": {
          "format": "date-time",
          "type": "string",
        },
        "schema": "status",
        "schemaPath": "#/properties/details/discriminateBy",
      },
    ],
    "errorsText": [Function],
    "valid": false,
  },
  "schema": {
    "additionalProperties": false,
    "properties": {
      "details": {
        "anyOf": [
          {
            "$ref": "#/definitions/ComplexTypeDetailsP",
          },
          {
            "$ref": "#/definitions/ComplexTypeDetailsA",
          },
          {
            "$ref": "#/definitions/ComplexTypeDetailsIA",
          },
        ],
        "discriminateBy": "status",
      },
      "id": {
        "type": "string",
      },
      "isActive": {
        "type": "boolean",
      },
      "name": {
        "type": "string",
      },
      "values": {
        "items": {
          "type": "number",
        },
        "type": "array",
      },
    },
    "required": [
      "details",
      "id",
      "isActive",
      "name",
      "values",
    ],
    "type": "object",
  },
}
`;

exports[`validator for a11 extra tags: basic 1`] = `
{
  "$id": "test",
  "$schema": "http://json-schema.org/draft-07/schema#",
  "definitions": {
    "A1": {
      "abstract": true,
      "additionalProperties": false,
      "description": "This is a type definition for A1",
      "flimsy": true,
      "properties": {
        "a": {
          "const": 1,
          "type": "number",
        },
      },
      "required": [
        "a",
      ],
      "struct": true,
      "type": "object",
    },
    "A2": {
      "additionalProperties": false,
      "properties": {
        "a": {
          "abstract": true,
          "additionalProperties": false,
          "flimsy": true,
          "properties": {
            "t": {
              "type": "number",
            },
          },
          "required": [
            "t",
          ],
          "struct": true,
          "type": "object",
        },
      },
      "required": [
        "a",
      ],
      "type": "object",
    },
  },
  "hash": "9c9a4dd1ffb7226f5bf047d3ecdc133e",
}
`;
